Archive member included to satisfy reference by file (symbol)

../qtouch/lib/gcc\libqtm_touch_key_m328pb_0x0002.a(avr_touch_key_g_m328.o)
                              qtouch/touch.o (qtm_update_qtlib_timer)
../qtouch/lib/gcc\libqtm_scroller_m328pb_0x000b.a(avr_scroller_g_m328.o)
                              qtouch/touch.o (qtm_init_scroller_module)
../qtouch/lib/gcc\libqtm_acq_runtime_m328pb_0x0003.a(avr_acq_runtime_g_m328.o)
                              qtouch/touch.o (qtm_acquisition_process)
c:/program files (x86)/atmel/studio/7.0/toolchain/avr8/avr8-gnu-toolchain/bin/../lib/gcc/avr/5.4.0/avr5\libgcc.a(_exit.o)
                              C:/Program Files (x86)/Atmel/Studio/7.0/Packs/Atmel/ATmega_DFP/1.4.351/gcc/dev/atmega328pb/avr5/crtatmega328pb.o (exit)
c:/program files (x86)/atmel/studio/7.0/toolchain/avr8/avr8-gnu-toolchain/bin/../lib/gcc/avr/5.4.0/avr5\libgcc.a(_tablejump2.o)
                              main.o (__tablejump2__)
c:/program files (x86)/atmel/studio/7.0/toolchain/avr8/avr8-gnu-toolchain/bin/../lib/gcc/avr/5.4.0/avr5\libgcc.a(_copy_data.o)
                              qtouch/touch.o (__do_copy_data)
c:/program files (x86)/atmel/studio/7.0/toolchain/avr8/avr8-gnu-toolchain/bin/../lib/gcc/avr/5.4.0/avr5\libgcc.a(_clear_bss.o)
                              driver_isr.o (__do_clear_bss)
c:/program files (x86)/atmel/studio/7.0/toolchain/avr8/avr8-gnu-toolchain/bin/../lib/gcc/avr/5.4.0/avr5\libgcc.a(_umulhisi3.o)
                              ../qtouch/lib/gcc\libqtm_acq_runtime_m328pb_0x0003.a(avr_acq_runtime_g_m328.o) (__umulhisi3)

Allocating common symbols
Common symbol       size              file

qtlib_key_grp_data_set1
                    0x6               qtouch/touch.o
qtm_acquisition_control_working_set_ptr
                    0x2               ../qtouch/lib/gcc\libqtm_acq_runtime_m328pb_0x0003.a(avr_acq_runtime_g_m328.o)
ptc_qtlib_node_stat1
                    0x19              qtouch/touch.o
qtm_scroller_data1  0x9               qtouch/touch.o
touch_acq_signals_raw
                    0xa               qtouch/touch.o
qtlib_key_data_set1
                    0x1e              qtouch/touch.o
qtm_raw_data_measurements_ptr
                    0x2               ../qtouch/lib/gcc\libqtm_acq_runtime_m328pb_0x0003.a(avr_acq_runtime_g_m328.o)

Discarded input sections

 .data          0x00000000        0x0 C:/Program Files (x86)/Atmel/Studio/7.0/Packs/Atmel/ATmega_DFP/1.4.351/gcc/dev/atmega328pb/avr5/crtatmega328pb.o
 .bss           0x00000000        0x0 C:/Program Files (x86)/Atmel/Studio/7.0/Packs/Atmel/ATmega_DFP/1.4.351/gcc/dev/atmega328pb/avr5/crtatmega328pb.o
 .text          0x00000000        0x0 atmel_start.o
 .data          0x00000000        0x0 atmel_start.o
 .bss           0x00000000        0x0 atmel_start.o
 .text          0x00000000        0x0 driver_isr.o
 .data          0x00000000        0x0 driver_isr.o
 .bss           0x00000000        0x0 driver_isr.o
 COMMON         0x00000000        0x0 driver_isr.o
 .text          0x00000000        0x0 examples/src/touch_example.o
 .data          0x00000000        0x0 examples/src/touch_example.o
 .bss           0x00000000        0x0 examples/src/touch_example.o
 .text.touch_example
                0x00000000       0x88 examples/src/touch_example.o
 .text.touch_status_display
                0x00000000       0x74 examples/src/touch_example.o
 .bss.scroller_position
                0x00000000        0x2 examples/src/touch_example.o
 .bss.scroller_status
                0x00000000        0x1 examples/src/touch_example.o
 .bss.key_status
                0x00000000        0x1 examples/src/touch_example.o
 .debug_info    0x00000000      0x295 examples/src/touch_example.o
 .debug_abbrev  0x00000000       0xf1 examples/src/touch_example.o
 .debug_aranges
                0x00000000       0x28 examples/src/touch_example.o
 .debug_ranges  0x00000000       0x18 examples/src/touch_example.o
 .debug_line    0x00000000      0x15d examples/src/touch_example.o
 .debug_str     0x00000000      0x241 examples/src/touch_example.o
 .comment       0x00000000       0x31 examples/src/touch_example.o
 .debug_frame   0x00000000       0x34 examples/src/touch_example.o
 .text          0x00000000        0x0 main.o
 .data          0x00000000        0x0 main.o
 .bss           0x00000000        0x0 main.o
 .text.state_to_LED
                0x00000000       0x86 main.o
 .progmem.gcc_sw_table.state_to_LED
                0x00000000       0x10 main.o
 .bss.old_scroll_val
                0x00000000        0x2 main.o
 .text          0x00000000        0x0 qtouch/touch.o
 .data          0x00000000        0x0 qtouch/touch.o
 .bss           0x00000000        0x0 qtouch/touch.o
 .text.Timer_set_comp_a
                0x00000000        0x4 qtouch/touch.o
 .text.touch_timer_handler
                0x00000000        0xe qtouch/touch.o
 .text.get_sensor_node_signal
                0x00000000       0x1a qtouch/touch.o
 .text.update_sensor_node_signal
                0x00000000       0x1a qtouch/touch.o
 .text.get_sensor_node_reference
                0x00000000       0x1a qtouch/touch.o
 .text.update_sensor_node_reference
                0x00000000       0x1a qtouch/touch.o
 .text.get_sensor_cc_val
                0x00000000       0x1a qtouch/touch.o
 .text.update_sensor_cc_val
                0x00000000       0x1a qtouch/touch.o
 .text.get_sensor_state
                0x00000000       0x1e qtouch/touch.o
 .text.update_sensor_state
                0x00000000       0x1e qtouch/touch.o
 .text.calibrate_node
                0x00000000       0x30 qtouch/touch.o
 .text          0x00000000        0x0 src/driver_init.o
 .data          0x00000000        0x0 src/driver_init.o
 .bss           0x00000000        0x0 src/driver_init.o
 .text.Timer_initialization
                0x00000000        0x4 src/driver_init.o
 .text.TIMER_0_initialization
                0x00000000        0x4 src/driver_init.o
 .text          0x00000000        0x0 src/protected_io.o
 .data          0x00000000        0x0 src/protected_io.o
 .bss           0x00000000        0x0 src/protected_io.o
 .text          0x00000000        0x0 src/tc16.o
 .data          0x00000000        0x0 src/tc16.o
 .bss           0x00000000        0x0 src/tc16.o
 .text          0x00000000        0x0 src/tc8.o
 .data          0x00000000        0x0 src/tc8.o
 .bss           0x00000000        0x0 src/tc8.o
 .text          0x00000000        0x0 utils/custom_stuff.o
 .data          0x00000000        0x0 utils/custom_stuff.o
 .bss           0x00000000        0x0 utils/custom_stuff.o
 .data.t1cntmax
                0x00000000        0x2 utils/custom_stuff.o
 .bss.t1cnt     0x00000000        0x2 utils/custom_stuff.o
 .text          0x00000000        0x0 ../qtouch/lib/gcc\libqtm_touch_key_m328pb_0x0002.a(avr_touch_key_g_m328.o)
 .data          0x00000000        0x0 ../qtouch/lib/gcc\libqtm_touch_key_m328pb_0x0002.a(avr_touch_key_g_m328.o)
 .bss           0x00000000        0x0 ../qtouch/lib/gcc\libqtm_touch_key_m328pb_0x0002.a(avr_touch_key_g_m328.o)
 .text.qtm_key_suspend
                0x00000000       0x4e ../qtouch/lib/gcc\libqtm_touch_key_m328pb_0x0002.a(avr_touch_key_g_m328.o)
 .text.qtm_key_resume
                0x00000000       0x4e ../qtouch/lib/gcc\libqtm_touch_key_m328pb_0x0002.a(avr_touch_key_g_m328.o)
 .text.qtm_get_touch_keys_module_id
                0x00000000        0x6 ../qtouch/lib/gcc\libqtm_touch_key_m328pb_0x0002.a(avr_touch_key_g_m328.o)
 .text.qtm_get_touch_keys_module_ver
                0x00000000        0x4 ../qtouch/lib/gcc\libqtm_touch_key_m328pb_0x0002.a(avr_touch_key_g_m328.o)
 .text          0x00000000        0x0 ../qtouch/lib/gcc\libqtm_scroller_m328pb_0x000b.a(avr_scroller_g_m328.o)
 .data          0x00000000        0x0 ../qtouch/lib/gcc\libqtm_scroller_m328pb_0x000b.a(avr_scroller_g_m328.o)
 .bss           0x00000000        0x0 ../qtouch/lib/gcc\libqtm_scroller_m328pb_0x000b.a(avr_scroller_g_m328.o)
 .text.qtm_get_scroller_module_id
                0x00000000        0x6 ../qtouch/lib/gcc\libqtm_scroller_m328pb_0x000b.a(avr_scroller_g_m328.o)
 .text.qtm_get_scroller_module_ver
                0x00000000        0x4 ../qtouch/lib/gcc\libqtm_scroller_m328pb_0x000b.a(avr_scroller_g_m328.o)
 .text          0x00000000        0x0 ../qtouch/lib/gcc\libqtm_acq_runtime_m328pb_0x0003.a(avr_acq_runtime_g_m328.o)
 .data          0x00000000        0x0 ../qtouch/lib/gcc\libqtm_acq_runtime_m328pb_0x0003.a(avr_acq_runtime_g_m328.o)
 .bss           0x00000000        0x0 ../qtouch/lib/gcc\libqtm_acq_runtime_m328pb_0x0003.a(avr_acq_runtime_g_m328.o)
 .text.qtm_autoscan_sensor_node
                0x00000000      0x2e2 ../qtouch/lib/gcc\libqtm_acq_runtime_m328pb_0x0003.a(avr_acq_runtime_g_m328.o)
 .text.qtm_autoscan_node_cancel
                0x00000000        0xc ../qtouch/lib/gcc\libqtm_acq_runtime_m328pb_0x0003.a(avr_acq_runtime_g_m328.o)
 .text.qtm_m328pb_ptc_handler_wcomp
                0x00000000       0x96 ../qtouch/lib/gcc\libqtm_acq_runtime_m328pb_0x0003.a(avr_acq_runtime_g_m328.o)
 .text.qtm_set_flag_ptc_eoc
                0x00000000        0xa ../qtouch/lib/gcc\libqtm_acq_runtime_m328pb_0x0003.a(avr_acq_runtime_g_m328.o)
 .text.qtm_ptc_de_init
                0x00000000       0x1a ../qtouch/lib/gcc\libqtm_acq_runtime_m328pb_0x0003.a(avr_acq_runtime_g_m328.o)
 .text.qtm_get_m328pb_acq_module_id
                0x00000000        0x6 ../qtouch/lib/gcc\libqtm_acq_runtime_m328pb_0x0003.a(avr_acq_runtime_g_m328.o)
 .text.qtm_get_m328pb_acq_module_version
                0x00000000        0x4 ../qtouch/lib/gcc\libqtm_acq_runtime_m328pb_0x0003.a(avr_acq_runtime_g_m328.o)
 .bss.ptc_wcomp_happened_pointer
                0x00000000        0x2 ../qtouch/lib/gcc\libqtm_acq_runtime_m328pb_0x0003.a(avr_acq_runtime_g_m328.o)
 .text          0x00000000        0x0 c:/program files (x86)/atmel/studio/7.0/toolchain/avr8/avr8-gnu-toolchain/bin/../lib/gcc/avr/5.4.0/avr5\libgcc.a(_exit.o)
 .data          0x00000000        0x0 c:/program files (x86)/atmel/studio/7.0/toolchain/avr8/avr8-gnu-toolchain/bin/../lib/gcc/avr/5.4.0/avr5\libgcc.a(_exit.o)
 .bss           0x00000000        0x0 c:/program files (x86)/atmel/studio/7.0/toolchain/avr8/avr8-gnu-toolchain/bin/../lib/gcc/avr/5.4.0/avr5\libgcc.a(_exit.o)
 .text.libgcc.mul
                0x00000000        0x0 c:/program files (x86)/atmel/studio/7.0/toolchain/avr8/avr8-gnu-toolchain/bin/../lib/gcc/avr/5.4.0/avr5\libgcc.a(_exit.o)
 .text.libgcc.div
                0x00000000        0x0 c:/program files (x86)/atmel/studio/7.0/toolchain/avr8/avr8-gnu-toolchain/bin/../lib/gcc/avr/5.4.0/avr5\libgcc.a(_exit.o)
 .text.libgcc   0x00000000        0x0 c:/program files (x86)/atmel/studio/7.0/toolchain/avr8/avr8-gnu-toolchain/bin/../lib/gcc/avr/5.4.0/avr5\libgcc.a(_exit.o)
 .text.libgcc.prologue
                0x00000000        0x0 c:/program files (x86)/atmel/studio/7.0/toolchain/avr8/avr8-gnu-toolchain/bin/../lib/gcc/avr/5.4.0/avr5\libgcc.a(_exit.o)
 .text.libgcc.builtins
                0x00000000        0x0 c:/program files (x86)/atmel/studio/7.0/toolchain/avr8/avr8-gnu-toolchain/bin/../lib/gcc/avr/5.4.0/avr5\libgcc.a(_exit.o)
 .text.libgcc.fmul
                0x00000000        0x0 c:/program files (x86)/atmel/studio/7.0/toolchain/avr8/avr8-gnu-toolchain/bin/../lib/gcc/avr/5.4.0/avr5\libgcc.a(_exit.o)
 .text.libgcc.fixed
                0x00000000        0x0 c:/program files (x86)/atmel/studio/7.0/toolchain/avr8/avr8-gnu-toolchain/bin/../lib/gcc/avr/5.4.0/avr5\libgcc.a(_exit.o)
 .text          0x00000000        0x0 c:/program files (x86)/atmel/studio/7.0/toolchain/avr8/avr8-gnu-toolchain/bin/../lib/gcc/avr/5.4.0/avr5\libgcc.a(_tablejump2.o)
 .data          0x00000000        0x0 c:/program files (x86)/atmel/studio/7.0/toolchain/avr8/avr8-gnu-toolchain/bin/../lib/gcc/avr/5.4.0/avr5\libgcc.a(_tablejump2.o)
 .bss           0x00000000        0x0 c:/program files (x86)/atmel/studio/7.0/toolchain/avr8/avr8-gnu-toolchain/bin/../lib/gcc/avr/5.4.0/avr5\libgcc.a(_tablejump2.o)
 .text.libgcc.mul
                0x00000000        0x0 c:/program files (x86)/atmel/studio/7.0/toolchain/avr8/avr8-gnu-toolchain/bin/../lib/gcc/avr/5.4.0/avr5\libgcc.a(_tablejump2.o)
 .text.libgcc.div
                0x00000000        0x0 c:/program files (x86)/atmel/studio/7.0/toolchain/avr8/avr8-gnu-toolchain/bin/../lib/gcc/avr/5.4.0/avr5\libgcc.a(_tablejump2.o)
 .text.libgcc.prologue
                0x00000000        0x0 c:/program files (x86)/atmel/studio/7.0/toolchain/avr8/avr8-gnu-toolchain/bin/../lib/gcc/avr/5.4.0/avr5\libgcc.a(_tablejump2.o)
 .text.libgcc.builtins
                0x00000000        0x0 c:/program files (x86)/atmel/studio/7.0/toolchain/avr8/avr8-gnu-toolchain/bin/../lib/gcc/avr/5.4.0/avr5\libgcc.a(_tablejump2.o)
 .text.libgcc.fmul
                0x00000000        0x0 c:/program files (x86)/atmel/studio/7.0/toolchain/avr8/avr8-gnu-toolchain/bin/../lib/gcc/avr/5.4.0/avr5\libgcc.a(_tablejump2.o)
 .text.libgcc.fixed
                0x00000000        0x0 c:/program files (x86)/atmel/studio/7.0/toolchain/avr8/avr8-gnu-toolchain/bin/../lib/gcc/avr/5.4.0/avr5\libgcc.a(_tablejump2.o)
 .text          0x00000000        0x0 c:/program files (x86)/atmel/studio/7.0/toolchain/avr8/avr8-gnu-toolchain/bin/../lib/gcc/avr/5.4.0/avr5\libgcc.a(_copy_data.o)
 .data          0x00000000        0x0 c:/program files (x86)/atmel/studio/7.0/toolchain/avr8/avr8-gnu-toolchain/bin/../lib/gcc/avr/5.4.0/avr5\libgcc.a(_copy_data.o)
 .bss           0x00000000        0x0 c:/program files (x86)/atmel/studio/7.0/toolchain/avr8/avr8-gnu-toolchain/bin/../lib/gcc/avr/5.4.0/avr5\libgcc.a(_copy_data.o)
 .text.libgcc.mul
                0x00000000        0x0 c:/program files (x86)/atmel/studio/7.0/toolchain/avr8/avr8-gnu-toolchain/bin/../lib/gcc/avr/5.4.0/avr5\libgcc.a(_copy_data.o)
 .text.libgcc.div
                0x00000000        0x0 c:/program files (x86)/atmel/studio/7.0/toolchain/avr8/avr8-gnu-toolchain/bin/../lib/gcc/avr/5.4.0/avr5\libgcc.a(_copy_data.o)
 .text.libgcc   0x00000000        0x0 c:/program files (x86)/atmel/studio/7.0/toolchain/avr8/avr8-gnu-toolchain/bin/../lib/gcc/avr/5.4.0/avr5\libgcc.a(_copy_data.o)
 .text.libgcc.prologue
                0x00000000        0x0 c:/program files (x86)/atmel/studio/7.0/toolchain/avr8/avr8-gnu-toolchain/bin/../lib/gcc/avr/5.4.0/avr5\libgcc.a(_copy_data.o)
 .text.libgcc.builtins
                0x00000000        0x0 c:/program files (x86)/atmel/studio/7.0/toolchain/avr8/avr8-gnu-toolchain/bin/../lib/gcc/avr/5.4.0/avr5\libgcc.a(_copy_data.o)
 .text.libgcc.fmul
                0x00000000        0x0 c:/program files (x86)/atmel/studio/7.0/toolchain/avr8/avr8-gnu-toolchain/bin/../lib/gcc/avr/5.4.0/avr5\libgcc.a(_copy_data.o)
 .text.libgcc.fixed
                0x00000000        0x0 c:/program files (x86)/atmel/studio/7.0/toolchain/avr8/avr8-gnu-toolchain/bin/../lib/gcc/avr/5.4.0/avr5\libgcc.a(_copy_data.o)
 .text          0x00000000        0x0 c:/program files (x86)/atmel/studio/7.0/toolchain/avr8/avr8-gnu-toolchain/bin/../lib/gcc/avr/5.4.0/avr5\libgcc.a(_clear_bss.o)
 .data          0x00000000        0x0 c:/program files (x86)/atmel/studio/7.0/toolchain/avr8/avr8-gnu-toolchain/bin/../lib/gcc/avr/5.4.0/avr5\libgcc.a(_clear_bss.o)
 .bss           0x00000000        0x0 c:/program files (x86)/atmel/studio/7.0/toolchain/avr8/avr8-gnu-toolchain/bin/../lib/gcc/avr/5.4.0/avr5\libgcc.a(_clear_bss.o)
 .text.libgcc.mul
                0x00000000        0x0 c:/program files (x86)/atmel/studio/7.0/toolchain/avr8/avr8-gnu-toolchain/bin/../lib/gcc/avr/5.4.0/avr5\libgcc.a(_clear_bss.o)
 .text.libgcc.div
                0x00000000        0x0 c:/program files (x86)/atmel/studio/7.0/toolchain/avr8/avr8-gnu-toolchain/bin/../lib/gcc/avr/5.4.0/avr5\libgcc.a(_clear_bss.o)
 .text.libgcc   0x00000000        0x0 c:/program files (x86)/atmel/studio/7.0/toolchain/avr8/avr8-gnu-toolchain/bin/../lib/gcc/avr/5.4.0/avr5\libgcc.a(_clear_bss.o)
 .text.libgcc.prologue
                0x00000000        0x0 c:/program files (x86)/atmel/studio/7.0/toolchain/avr8/avr8-gnu-toolchain/bin/../lib/gcc/avr/5.4.0/avr5\libgcc.a(_clear_bss.o)
 .text.libgcc.builtins
                0x00000000        0x0 c:/program files (x86)/atmel/studio/7.0/toolchain/avr8/avr8-gnu-toolchain/bin/../lib/gcc/avr/5.4.0/avr5\libgcc.a(_clear_bss.o)
 .text.libgcc.fmul
                0x00000000        0x0 c:/program files (x86)/atmel/studio/7.0/toolchain/avr8/avr8-gnu-toolchain/bin/../lib/gcc/avr/5.4.0/avr5\libgcc.a(_clear_bss.o)
 .text.libgcc.fixed
                0x00000000        0x0 c:/program files (x86)/atmel/studio/7.0/toolchain/avr8/avr8-gnu-toolchain/bin/../lib/gcc/avr/5.4.0/avr5\libgcc.a(_clear_bss.o)
 .text          0x00000000        0x0 c:/program files (x86)/atmel/studio/7.0/toolchain/avr8/avr8-gnu-toolchain/bin/../lib/gcc/avr/5.4.0/avr5\libgcc.a(_umulhisi3.o)
 .data          0x00000000        0x0 c:/program files (x86)/atmel/studio/7.0/toolchain/avr8/avr8-gnu-toolchain/bin/../lib/gcc/avr/5.4.0/avr5\libgcc.a(_umulhisi3.o)
 .bss           0x00000000        0x0 c:/program files (x86)/atmel/studio/7.0/toolchain/avr8/avr8-gnu-toolchain/bin/../lib/gcc/avr/5.4.0/avr5\libgcc.a(_umulhisi3.o)
 .text.libgcc.div
                0x00000000        0x0 c:/program files (x86)/atmel/studio/7.0/toolchain/avr8/avr8-gnu-toolchain/bin/../lib/gcc/avr/5.4.0/avr5\libgcc.a(_umulhisi3.o)
 .text.libgcc   0x00000000        0x0 c:/program files (x86)/atmel/studio/7.0/toolchain/avr8/avr8-gnu-toolchain/bin/../lib/gcc/avr/5.4.0/avr5\libgcc.a(_umulhisi3.o)
 .text.libgcc.prologue
                0x00000000        0x0 c:/program files (x86)/atmel/studio/7.0/toolchain/avr8/avr8-gnu-toolchain/bin/../lib/gcc/avr/5.4.0/avr5\libgcc.a(_umulhisi3.o)
 .text.libgcc.builtins
                0x00000000        0x0 c:/program files (x86)/atmel/studio/7.0/toolchain/avr8/avr8-gnu-toolchain/bin/../lib/gcc/avr/5.4.0/avr5\libgcc.a(_umulhisi3.o)
 .text.libgcc.fmul
                0x00000000        0x0 c:/program files (x86)/atmel/studio/7.0/toolchain/avr8/avr8-gnu-toolchain/bin/../lib/gcc/avr/5.4.0/avr5\libgcc.a(_umulhisi3.o)
 .text.libgcc.fixed
                0x00000000        0x0 c:/program files (x86)/atmel/studio/7.0/toolchain/avr8/avr8-gnu-toolchain/bin/../lib/gcc/avr/5.4.0/avr5\libgcc.a(_umulhisi3.o)

Memory Configuration

Name             Origin             Length             Attributes
text             0x00000000         0x00008000         xr
data             0x00800100         0x00000800         rw !x
eeprom           0x00810000         0x00000400         rw !x
fuse             0x00820000         0x00000003         rw !x
lock             0x00830000         0x00000400         rw !x
signature        0x00840000         0x00000400         rw !x
user_signatures  0x00850000         0x00000400         rw !x
*default*        0x00000000         0xffffffff

Linker script and memory map

Address of section .data set to 0x800100
LOAD C:/Program Files (x86)/Atmel/Studio/7.0/Packs/Atmel/ATmega_DFP/1.4.351/gcc/dev/atmega328pb/avr5/crtatmega328pb.o
LOAD atmel_start.o
LOAD driver_isr.o
LOAD examples/src/touch_example.o
LOAD main.o
LOAD qtouch/touch.o
LOAD src/driver_init.o
LOAD src/protected_io.o
LOAD src/tc16.o
LOAD src/tc8.o
LOAD utils/custom_stuff.o
START GROUP
LOAD ../qtouch/lib/gcc\libqtm_touch_key_m328pb_0x0002.a
LOAD ../qtouch/lib/gcc\libqtm_scroller_m328pb_0x000b.a
LOAD ../qtouch/lib/gcc\libqtm_binding_layer_m328pb_0x0005.a
LOAD ../qtouch/lib/gcc\libqtm_acq_runtime_m328pb_0x0003.a
LOAD c:/program files (x86)/atmel/studio/7.0/toolchain/avr8/avr8-gnu-toolchain/bin/../lib/gcc/avr/5.4.0/../../../../avr/lib/avr5\libm.a
END GROUP
START GROUP
LOAD c:/program files (x86)/atmel/studio/7.0/toolchain/avr8/avr8-gnu-toolchain/bin/../lib/gcc/avr/5.4.0/avr5\libgcc.a
LOAD c:/program files (x86)/atmel/studio/7.0/toolchain/avr8/avr8-gnu-toolchain/bin/../lib/gcc/avr/5.4.0/../../../../avr/lib/avr5\libm.a
LOAD c:/program files (x86)/atmel/studio/7.0/toolchain/avr8/avr8-gnu-toolchain/bin/../lib/gcc/avr/5.4.0/../../../../avr/lib/avr5\libc.a
LOAD C:/Program Files (x86)/Atmel/Studio/7.0/Packs/Atmel/ATmega_DFP/1.4.351/gcc/dev/atmega328pb/avr5\libatmega328pb.a
END GROUP
                [0x00000000]                __TEXT_REGION_ORIGIN__ = DEFINED (__TEXT_REGION_ORIGIN__)?__TEXT_REGION_ORIGIN__:0x0
                [0x00800100]                __DATA_REGION_ORIGIN__ = DEFINED (__DATA_REGION_ORIGIN__)?__DATA_REGION_ORIGIN__:0x800060
                [0x00008000]                __TEXT_REGION_LENGTH__ = DEFINED (__TEXT_REGION_LENGTH__)?__TEXT_REGION_LENGTH__:0x20000
                [0x00000800]                __DATA_REGION_LENGTH__ = DEFINED (__DATA_REGION_LENGTH__)?__DATA_REGION_LENGTH__:0xffa0
                [0x00000400]                __EEPROM_REGION_LENGTH__ = DEFINED (__EEPROM_REGION_LENGTH__)?__EEPROM_REGION_LENGTH__:0x10000
                [0x00000003]                __FUSE_REGION_LENGTH__ = DEFINED (__FUSE_REGION_LENGTH__)?__FUSE_REGION_LENGTH__:0x400
                0x00000400                __LOCK_REGION_LENGTH__ = DEFINED (__LOCK_REGION_LENGTH__)?__LOCK_REGION_LENGTH__:0x400
                0x00000400                __SIGNATURE_REGION_LENGTH__ = DEFINED (__SIGNATURE_REGION_LENGTH__)?__SIGNATURE_REGION_LENGTH__:0x400
                0x00000400                __USER_SIGNATURE_REGION_LENGTH__ = DEFINED (__USER_SIGNATURE_REGION_LENGTH__)?__USER_SIGNATURE_REGION_LENGTH__:0x400

.hash
 *(.hash)

.dynsym
 *(.dynsym)

.dynstr
 *(.dynstr)

.gnu.version
 *(.gnu.version)

.gnu.version_d
 *(.gnu.version_d)

.gnu.version_r
 *(.gnu.version_r)

.rel.init
 *(.rel.init)

.rela.init
 *(.rela.init)

.rel.text
 *(.rel.text)
 *(.rel.text.*)
 *(.rel.gnu.linkonce.t*)

.rela.text
 *(.rela.text)
 *(.rela.text.*)
 *(.rela.gnu.linkonce.t*)

.rel.fini
 *(.rel.fini)

.rela.fini
 *(.rela.fini)

.rel.rodata
 *(.rel.rodata)
 *(.rel.rodata.*)
 *(.rel.gnu.linkonce.r*)

.rela.rodata
 *(.rela.rodata)
 *(.rela.rodata.*)
 *(.rela.gnu.linkonce.r*)

.rel.data
 *(.rel.data)
 *(.rel.data.*)
 *(.rel.gnu.linkonce.d*)

.rela.data
 *(.rela.data)
 *(.rela.data.*)
 *(.rela.gnu.linkonce.d*)

.rel.ctors
 *(.rel.ctors)

.rela.ctors
 *(.rela.ctors)

.rel.dtors
 *(.rel.dtors)

.rela.dtors
 *(.rela.dtors)

.rel.got
 *(.rel.got)

.rela.got
 *(.rela.got)

.rel.bss
 *(.rel.bss)

.rela.bss
 *(.rela.bss)

.rel.plt
 *(.rel.plt)

.rela.plt
 *(.rela.plt)

.text           0x00000000     0x1f82
 *(.vectors)
 .vectors       0x00000000       0xb4 C:/Program Files (x86)/Atmel/Studio/7.0/Packs/Atmel/ATmega_DFP/1.4.351/gcc/dev/atmega328pb/avr5/crtatmega328pb.o
                0x00000000                __vector_default
                0x00000000                __vectors
 *(.vectors)
 *(.progmem.gcc*)
 .progmem.gcc_sw_table.main
                0x000000b4       0x10 main.o
                0x000000c4                . = ALIGN (0x2)
                0x000000c4                __trampolines_start = .
 *(.trampolines)
 .trampolines   0x000000c4        0x0 linker stubs
 *(.trampolines*)
                0x000000c4                __trampolines_end = .
 *libprintf_flt.a:*(.progmem.data)
 *libc.a:*(.progmem.data)
 *(.progmem*)
                0x000000c4                . = ALIGN (0x2)
 *(.jumptables)
 *(.jumptables*)
 *(.lowtext)
 *(.lowtext*)
                0x000000c4                __ctors_start = .
 *(.ctors)
                0x000000c4                __ctors_end = .
                0x000000c4                __dtors_start = .
 *(.dtors)
                0x000000c4                __dtors_end = .
 SORT(*)(.ctors)
 SORT(*)(.dtors)
 *(.init0)
 .init0         0x000000c4        0x0 C:/Program Files (x86)/Atmel/Studio/7.0/Packs/Atmel/ATmega_DFP/1.4.351/gcc/dev/atmega328pb/avr5/crtatmega328pb.o
                0x000000c4                __init
 *(.init0)
 *(.init1)
 *(.init1)
 *(.init2)
 .init2         0x000000c4        0xc C:/Program Files (x86)/Atmel/Studio/7.0/Packs/Atmel/ATmega_DFP/1.4.351/gcc/dev/atmega328pb/avr5/crtatmega328pb.o
 *(.init2)
 *(.init3)
 *(.init3)
 *(.init4)
 .init4         0x000000d0       0x16 c:/program files (x86)/atmel/studio/7.0/toolchain/avr8/avr8-gnu-toolchain/bin/../lib/gcc/avr/5.4.0/avr5\libgcc.a(_copy_data.o)
                0x000000d0                __do_copy_data
 .init4         0x000000e6       0x10 c:/program files (x86)/atmel/studio/7.0/toolchain/avr8/avr8-gnu-toolchain/bin/../lib/gcc/avr/5.4.0/avr5\libgcc.a(_clear_bss.o)
                0x000000e6                __do_clear_bss
 *(.init4)
 *(.init5)
 *(.init5)
 *(.init6)
 *(.init6)
 *(.init7)
 *(.init7)
 *(.init8)
 *(.init8)
 *(.init9)
 .init9         0x000000f6        0x8 C:/Program Files (x86)/Atmel/Studio/7.0/Packs/Atmel/ATmega_DFP/1.4.351/gcc/dev/atmega328pb/avr5/crtatmega328pb.o
 *(.init9)
 *(.text)
 .text          0x000000fe        0x4 C:/Program Files (x86)/Atmel/Studio/7.0/Packs/Atmel/ATmega_DFP/1.4.351/gcc/dev/atmega328pb/avr5/crtatmega328pb.o
                0x000000fe                __vector_38
                0x000000fe                __vector_22
                0x000000fe                __vector_28
                0x000000fe                __vector_1
                0x000000fe                __vector_32
                0x000000fe                __vector_34
                0x000000fe                __vector_24
                0x000000fe                __vector_12
                0x000000fe                __bad_interrupt
                0x000000fe                __vector_6
                0x000000fe                __vector_31
                0x000000fe                __vector_35
                0x000000fe                __vector_39
                0x000000fe                __vector_3
                0x000000fe                __vector_23
                0x000000fe                __vector_30
                0x000000fe                __vector_25
                0x000000fe                __vector_11
                0x000000fe                __vector_17
                0x000000fe                __vector_19
                0x000000fe                __vector_7
                0x000000fe                __vector_41
                0x000000fe                __vector_43
                0x000000fe                __vector_27
                0x000000fe                __vector_5
                0x000000fe                __vector_33
                0x000000fe                __vector_4
                0x000000fe                __vector_44
                0x000000fe                __vector_9
                0x000000fe                __vector_2
                0x000000fe                __vector_21
                0x000000fe                __vector_15
                0x000000fe                __vector_36
                0x000000fe                __vector_29
                0x000000fe                __vector_40
                0x000000fe                __vector_8
                0x000000fe                __vector_26
                0x000000fe                __vector_10
                0x000000fe                __vector_16
                0x000000fe                __vector_18
                0x000000fe                __vector_20
                0x000000fe                __vector_42
                0x00000102                . = ALIGN (0x2)
 *(.text.*)
 .text.atmel_start_init
                0x00000102        0x8 atmel_start.o
                0x00000102                atmel_start_init
 .text.__vector_14
                0x0000010a       0x4a driver_isr.o
                0x0000010a                __vector_14
 .text.__vector_13
                0x00000154       0x1e driver_isr.o
                0x00000154                __vector_13
 .text.slider_to_state
                0x00000172       0xe4 main.o
                0x00000172                slider_to_state
 .text.startup.main
                0x00000256      0x1ee main.o
                0x00000256                main
 .text.qtm_measure_complete_callback
                0x00000444        0x8 qtouch/touch.o
 .text.touch_init
                0x0000044c       0x7c qtouch/touch.o
                0x0000044c                touch_init
 .text.touch_process
                0x000004c8       0x82 qtouch/touch.o
                0x000004c8                touch_process
 .text.mega_touch_timer
                0x0000054a       0x36 qtouch/touch.o
                0x0000054a                mega_touch_timer
 .text.get_scroller_state
                0x00000580       0x22 qtouch/touch.o
                0x00000580                get_scroller_state
 .text.get_scroller_position
                0x000005a2       0x24 qtouch/touch.o
                0x000005a2                get_scroller_position
 .text.__vector_37
                0x000005c6       0x48 qtouch/touch.o
                0x000005c6                __vector_37
 .text.system_init
                0x0000060e       0x6a src/driver_init.o
                0x0000060e                system_init
 .text.protected_write_io
                0x00000678        0xe src/protected_io.o
                0x00000678                protected_write_io
 .text.TIMER_0_init
                0x00000686       0x1a src/tc16.o
                0x00000686                TIMER_0_init
 .text.Timer_init
                0x000006a0       0x1a src/tc8.o
                0x000006a0                Timer_init
 .text.check_for_aks_block
                0x000006ba       0xd2 ../qtouch/lib/gcc\libqtm_touch_key_m328pb_0x0002.a(avr_touch_key_g_m328.o)
 .text.qtm_update_qtlib_timer
                0x0000078c       0x16 ../qtouch/lib/gcc\libqtm_touch_key_m328pb_0x0002.a(avr_touch_key_g_m328.o)
                0x0000078c                qtm_update_qtlib_timer
 .text.qtm_init_sensor_key
                0x000007a2       0x3e ../qtouch/lib/gcc\libqtm_touch_key_m328pb_0x0002.a(avr_touch_key_g_m328.o)
                0x000007a2                qtm_init_sensor_key
 .text.qtm_key_sensors_process
                0x000007e0      0x74c ../qtouch/lib/gcc\libqtm_touch_key_m328pb_0x0002.a(avr_touch_key_g_m328.o)
                0x000007e0                qtm_key_sensors_process
 .text.divide   0x00000f2c       0x50 ../qtouch/lib/gcc\libqtm_scroller_m328pb_0x000b.a(avr_scroller_g_m328.o)
 .text.qtm_init_scroller_module
                0x00000f7c       0x80 ../qtouch/lib/gcc\libqtm_scroller_m328pb_0x000b.a(avr_scroller_g_m328.o)
                0x00000f7c                qtm_init_scroller_module
 .text.qtm_scroller_process
                0x00000ffc      0x64e ../qtouch/lib/gcc\libqtm_scroller_m328pb_0x000b.a(avr_scroller_g_m328.o)
                0x00000ffc                qtm_scroller_process
 .text.select_next_channel_to_measure
                0x0000164a       0x66 ../qtouch/lib/gcc\libqtm_acq_runtime_m328pb_0x0003.a(avr_acq_runtime_g_m328.o)
 .text.qtm_measure_node
                0x000016b0      0x182 ../qtouch/lib/gcc\libqtm_acq_runtime_m328pb_0x0003.a(avr_acq_runtime_g_m328.o)
 .text.qtm_acquisition_process
                0x00001832      0x2ce ../qtouch/lib/gcc\libqtm_acq_runtime_m328pb_0x0003.a(avr_acq_runtime_g_m328.o)
                0x00001832                qtm_acquisition_process
 .text.qtm_ptc_init_acquisition_module
                0x00001b00      0x10e ../qtouch/lib/gcc\libqtm_acq_runtime_m328pb_0x0003.a(avr_acq_runtime_g_m328.o)
                0x00001b00                qtm_ptc_init_acquisition_module
 .text.qtm_ptc_qtlib_assign_signal_memory
                0x00001c0e       0x14 ../qtouch/lib/gcc\libqtm_acq_runtime_m328pb_0x0003.a(avr_acq_runtime_g_m328.o)
                0x00001c0e                qtm_ptc_qtlib_assign_signal_memory
 .text.qtm_ptc_start_measurement_seq
                0x00001c22      0x1f2 ../qtouch/lib/gcc\libqtm_acq_runtime_m328pb_0x0003.a(avr_acq_runtime_g_m328.o)
                0x00001c22                qtm_ptc_start_measurement_seq
 .text.qtm_enable_sensor_node
                0x00001e14       0x3e ../qtouch/lib/gcc\libqtm_acq_runtime_m328pb_0x0003.a(avr_acq_runtime_g_m328.o)
                0x00001e14                qtm_enable_sensor_node
 .text.qtm_calibrate_sensor_node
                0x00001e52       0x80 ../qtouch/lib/gcc\libqtm_acq_runtime_m328pb_0x0003.a(avr_acq_runtime_g_m328.o)
                0x00001e52                qtm_calibrate_sensor_node
 .text.qtm_m328pb_ptc_handler_eoc
                0x00001ed2       0x82 ../qtouch/lib/gcc\libqtm_acq_runtime_m328pb_0x0003.a(avr_acq_runtime_g_m328.o)
                0x00001ed2                qtm_m328pb_ptc_handler_eoc
 .text.libgcc   0x00001f54        0xc c:/program files (x86)/atmel/studio/7.0/toolchain/avr8/avr8-gnu-toolchain/bin/../lib/gcc/avr/5.4.0/avr5\libgcc.a(_tablejump2.o)
                0x00001f54                __tablejump2__
 .text.libgcc.mul
                0x00001f60       0x1e c:/program files (x86)/atmel/studio/7.0/toolchain/avr8/avr8-gnu-toolchain/bin/../lib/gcc/avr/5.4.0/avr5\libgcc.a(_umulhisi3.o)
                0x00001f60                __umulhisi3
                0x00001f7e                . = ALIGN (0x2)
 *(.fini9)
 .fini9         0x00001f7e        0x0 c:/program files (x86)/atmel/studio/7.0/toolchain/avr8/avr8-gnu-toolchain/bin/../lib/gcc/avr/5.4.0/avr5\libgcc.a(_exit.o)
                0x00001f7e                _exit
                0x00001f7e                exit
 *(.fini9)
 *(.fini8)
 *(.fini8)
 *(.fini7)
 *(.fini7)
 *(.fini6)
 *(.fini6)
 *(.fini5)
 *(.fini5)
 *(.fini4)
 *(.fini4)
 *(.fini3)
 *(.fini3)
 *(.fini2)
 *(.fini2)
 *(.fini1)
 *(.fini1)
 *(.fini0)
 .fini0         0x00001f7e        0x4 c:/program files (x86)/atmel/studio/7.0/toolchain/avr8/avr8-gnu-toolchain/bin/../lib/gcc/avr/5.4.0/avr5\libgcc.a(_exit.o)
 *(.fini0)
                0x00001f82                _etext = .

.data           0x00800100       0x78 load address 0x00001f82
                0x00800100                PROVIDE (__data_start, .)
 *(.data)
 *(.data*)
 .data.qtm_scroller_control1
                0x00800100        0x8 qtouch/touch.o
                0x00800100                qtm_scroller_control1
 .data.qtm_scroller_config1
                0x00800108        0x8 qtouch/touch.o
                0x00800108                qtm_scroller_config1
 .data.qtm_scroller_group_config1
                0x00800110        0x3 qtouch/touch.o
                0x00800110                qtm_scroller_group_config1
 .data.qtlib_key_set1
                0x00800113        0x8 qtouch/touch.o
                0x00800113                qtlib_key_set1
 .data.qtlib_key_configs_set1
                0x0080011b        0xf qtouch/touch.o
                0x0080011b                qtlib_key_configs_set1
 .data.qtlib_key_grp_config_set1
                0x0080012a        0xa qtouch/touch.o
                0x0080012a                qtlib_key_grp_config_set1
 .data.qtlib_acq_set1
                0x00800134        0x6 qtouch/touch.o
                0x00800134                qtlib_acq_set1
 .data.ptc_seq_node_cfg1
                0x0080013a       0x32 qtouch/touch.o
                0x0080013a                ptc_seq_node_cfg1
 .data.ptc_qtlib_acq_gen1
                0x0080016c        0x5 qtouch/touch.o
                0x0080016c                ptc_qtlib_acq_gen1
 *(.gnu.linkonce.d*)
 *(.rodata)
 *(.rodata*)
 .rodata.gain_setting_int_cap
                0x00800171        0x6 ../qtouch/lib/gcc\libqtm_acq_runtime_m328pb_0x0003.a(avr_acq_runtime_g_m328.o)
 *(.gnu.linkonce.r*)
                0x00800178                . = ALIGN (0x2)
 *fill*         0x00800177        0x1 
                0x00800178                _edata = .
                0x00800178                PROVIDE (__data_end, .)

.bss            0x00800178       0x70
                0x00800178                PROVIDE (__bss_start, .)
 *(.bss)
 *(.bss*)
 .bss.LED_state
                0x00800178        0x1 main.o
                0x00800178                LED_state
 .bss.slider_status
                0x00800179        0x1 main.o
                0x00800179                slider_status
 .bss.scroll_val
                0x0080017a        0x2 main.o
                0x0080017a                scroll_val
 .bss.touch_time_counter.2433
                0x0080017c        0x2 qtouch/touch.o
 .bss.qtm_scroller_group_data1
                0x0080017e        0x1 qtouch/touch.o
                0x0080017e                qtm_scroller_group_data1
 .bss.module_error_code
                0x0080017f        0x1 qtouch/touch.o
                0x0080017f                module_error_code
 .bss.measurement_done_touch
                0x00800180        0x1 qtouch/touch.o
                0x00800180                measurement_done_touch
 .bss.touch_postprocess_request
                0x00800181        0x1 qtouch/touch.o
                0x00800181                touch_postprocess_request
 .bss.time_to_measure_touch_flag
                0x00800182        0x1 qtouch/touch.o
                0x00800182                time_to_measure_touch_flag
 .bss.t1callbackflag
                0x00800183        0x1 utils/custom_stuff.o
                0x00800183                t1callbackflag
 .bss.qtm_local_ms_timecount
                0x00800184        0x2 ../qtouch/lib/gcc\libqtm_touch_key_m328pb_0x0002.a(avr_touch_key_g_m328.o)
                0x00800184                qtm_local_ms_timecount
 .bss.ptc_seq_measure_complete_pointer
                0x00800186        0x2 ../qtouch/lib/gcc\libqtm_acq_runtime_m328pb_0x0003.a(avr_acq_runtime_g_m328.o)
 .bss.ptc_lockups
                0x00800188        0x2 ../qtouch/lib/gcc\libqtm_acq_runtime_m328pb_0x0003.a(avr_acq_runtime_g_m328.o)
                0x00800188                ptc_lockups
 .bss.good_eocs
                0x0080018a        0x2 ../qtouch/lib/gcc\libqtm_acq_runtime_m328pb_0x0003.a(avr_acq_runtime_g_m328.o)
                0x0080018a                good_eocs
 .bss.touch_seq_lib_state
                0x0080018c        0x1 ../qtouch/lib/gcc\libqtm_acq_runtime_m328pb_0x0003.a(avr_acq_runtime_g_m328.o)
 .bss.current_measure_channel
                0x0080018d        0x2 ../qtouch/lib/gcc\libqtm_acq_runtime_m328pb_0x0003.a(avr_acq_runtime_g_m328.o)
 .bss.ptc_eoc_ok_flag
                0x0080018f        0x1 ../qtouch/lib/gcc\libqtm_acq_runtime_m328pb_0x0003.a(avr_acq_runtime_g_m328.o)
                0x0080018f                ptc_eoc_ok_flag
 .bss.max_conversion_cycles
                0x00800190        0x4 ../qtouch/lib/gcc\libqtm_acq_runtime_m328pb_0x0003.a(avr_acq_runtime_g_m328.o)
                0x00800190                max_conversion_cycles
 *(COMMON)
 COMMON         0x00800194       0x50 qtouch/touch.o
                0x00800194                qtlib_key_grp_data_set1
                0x0080019a                ptc_qtlib_node_stat1
                0x008001b3                qtm_scroller_data1
                0x008001bc                touch_acq_signals_raw
                0x008001c6                qtlib_key_data_set1
 COMMON         0x008001e4        0x4 ../qtouch/lib/gcc\libqtm_acq_runtime_m328pb_0x0003.a(avr_acq_runtime_g_m328.o)
                0x008001e4                qtm_acquisition_control_working_set_ptr
                0x008001e6                qtm_raw_data_measurements_ptr
                0x008001e8                PROVIDE (__bss_end, .)
                0x00001f82                __data_load_start = LOADADDR (.data)
                0x00001ffa                __data_load_end = (__data_load_start + SIZEOF (.data))

.noinit         0x008001e8        0x0
                [!provide]                PROVIDE (__noinit_start, .)
 *(.noinit*)
                [!provide]                PROVIDE (__noinit_end, .)
                0x008001e8                _end = .
                [!provide]                PROVIDE (__heap_start, .)

.eeprom         0x00810000        0x0
 *(.eeprom*)
                0x00810000                __eeprom_end = .

.fuse
 *(.fuse)
 *(.lfuse)
 *(.hfuse)
 *(.efuse)

.lock
 *(.lock*)

.signature
 *(.signature*)

.user_signatures
 *(.user_signatures*)

.stab
 *(.stab)

.stabstr
 *(.stabstr)

.stab.excl
 *(.stab.excl)

.stab.exclstr
 *(.stab.exclstr)

.stab.index
 *(.stab.index)

.stab.indexstr
 *(.stab.indexstr)

.comment        0x00000000       0x60
 *(.comment)
 .comment       0x00000000       0x30 atmel_start.o
                                 0x31 (size before relaxing)
 .comment       0x00000030       0x31 driver_isr.o
 .comment       0x00000030       0x31 main.o
 .comment       0x00000030       0x31 qtouch/touch.o
 .comment       0x00000030       0x31 src/driver_init.o
 .comment       0x00000030       0x31 src/tc16.o
 .comment       0x00000030       0x31 src/tc8.o
 .comment       0x00000030       0x31 utils/custom_stuff.o
 .comment       0x00000030       0x30 ../qtouch/lib/gcc\libqtm_touch_key_m328pb_0x0002.a(avr_touch_key_g_m328.o)
                                 0x31 (size before relaxing)
 .comment       0x00000060       0x31 ../qtouch/lib/gcc\libqtm_scroller_m328pb_0x000b.a(avr_scroller_g_m328.o)
 .comment       0x00000060       0x31 ../qtouch/lib/gcc\libqtm_acq_runtime_m328pb_0x0003.a(avr_acq_runtime_g_m328.o)

.note.gnu.avr.deviceinfo
                0x00000000       0x40
 .note.gnu.avr.deviceinfo
                0x00000000       0x40 C:/Program Files (x86)/Atmel/Studio/7.0/Packs/Atmel/ATmega_DFP/1.4.351/gcc/dev/atmega328pb/avr5/crtatmega328pb.o

.note.gnu.build-id
 *(.note.gnu.build-id)

.debug
 *(.debug)

.line
 *(.line)

.debug_srcinfo
 *(.debug_srcinfo)

.debug_sfnames
 *(.debug_sfnames)

.debug_aranges  0x00000000      0x1c8
 *(.debug_aranges)
 .debug_aranges
                0x00000000       0x20 atmel_start.o
 .debug_aranges
                0x00000020       0x28 driver_isr.o
 .debug_aranges
                0x00000048       0x30 main.o
 .debug_aranges
                0x00000078       0xa8 qtouch/touch.o
 .debug_aranges
                0x00000120       0x30 src/driver_init.o
 .debug_aranges
                0x00000150       0x20 src/protected_io.o
 .debug_aranges
                0x00000170       0x20 src/tc16.o
 .debug_aranges
                0x00000190       0x20 src/tc8.o
 .debug_aranges
                0x000001b0       0x18 utils/custom_stuff.o

.debug_pubnames
 *(.debug_pubnames)

.debug_info     0x00000000     0x4d81
 *(.debug_info .gnu.linkonce.wi.*)
 .debug_info    0x00000000      0x8ea C:/Program Files (x86)/Atmel/Studio/7.0/Packs/Atmel/ATmega_DFP/1.4.351/gcc/dev/atmega328pb/avr5/crtatmega328pb.o
 .debug_info    0x000008ea       0xaa atmel_start.o
 .debug_info    0x00000994       0xde driver_isr.o
 .debug_info    0x00000a72     0x25e4 main.o
 .debug_info    0x00003056     0x11e9 qtouch/touch.o
 .debug_info    0x0000423f      0x8e2 src/driver_init.o
 .debug_info    0x00004b21       0x8b src/protected_io.o
 .debug_info    0x00004bac       0x91 src/tc16.o
 .debug_info    0x00004c3d       0x91 src/tc8.o
 .debug_info    0x00004cce       0xb3 utils/custom_stuff.o

.debug_abbrev   0x00000000     0x10f0
 *(.debug_abbrev)
 .debug_abbrev  0x00000000      0x86e C:/Program Files (x86)/Atmel/Studio/7.0/Packs/Atmel/ATmega_DFP/1.4.351/gcc/dev/atmega328pb/avr5/crtatmega328pb.o
 .debug_abbrev  0x0000086e       0x71 atmel_start.o
 .debug_abbrev  0x000008df       0xb8 driver_isr.o
 .debug_abbrev  0x00000997      0x1e3 main.o
 .debug_abbrev  0x00000b7a      0x2f0 qtouch/touch.o
 .debug_abbrev  0x00000e6a      0x185 src/driver_init.o
 .debug_abbrev  0x00000fef       0x14 src/protected_io.o
 .debug_abbrev  0x00001003       0x51 src/tc16.o
 .debug_abbrev  0x00001054       0x51 src/tc8.o
 .debug_abbrev  0x000010a5       0x4b utils/custom_stuff.o

.debug_line     0x00000000     0x1097
 *(.debug_line .debug_line.* .debug_line_end)
 .debug_line    0x00000000      0x1a6 C:/Program Files (x86)/Atmel/Studio/7.0/Packs/Atmel/ATmega_DFP/1.4.351/gcc/dev/atmega328pb/avr5/crtatmega328pb.o
 .debug_line    0x000001a6       0x8b atmel_start.o
 .debug_line    0x00000231       0xcf driver_isr.o
 .debug_line    0x00000300      0x530 main.o
 .debug_line    0x00000830      0x3fe qtouch/touch.o
 .debug_line    0x00000c2e      0x1fc src/driver_init.o
 .debug_line    0x00000e2a       0x67 src/protected_io.o
 .debug_line    0x00000e91       0xb5 src/tc16.o
 .debug_line    0x00000f46       0xba src/tc8.o
 .debug_line    0x00001000       0x97 utils/custom_stuff.o

.debug_frame    0x00000000      0x324
 *(.debug_frame)
 .debug_frame   0x00000000       0x24 atmel_start.o
 .debug_frame   0x00000024       0x8c driver_isr.o
 .debug_frame   0x000000b0       0x44 main.o
 .debug_frame   0x000000f4      0x1a4 qtouch/touch.o
 .debug_frame   0x00000298       0x44 src/driver_init.o
 .debug_frame   0x000002dc       0x24 src/tc16.o
 .debug_frame   0x00000300       0x24 src/tc8.o

.debug_str      0x00000000     0x18c8
 *(.debug_str)
 .debug_str     0x00000000      0x318 C:/Program Files (x86)/Atmel/Studio/7.0/Packs/Atmel/ATmega_DFP/1.4.351/gcc/dev/atmega328pb/avr5/crtatmega328pb.o
 .debug_str     0x00000318      0x168 atmel_start.o
                                0x19c (size before relaxing)
 .debug_str     0x00000480       0x52 driver_isr.o
                                0x1b3 (size before relaxing)
 .debug_str     0x000004d2      0x1a2 main.o
                                0x347 (size before relaxing)
 .debug_str     0x00000674     0x1083 qtouch/touch.o
                               0x12cb (size before relaxing)
 .debug_str     0x000016f7      0x18f src/driver_init.o
                                0x3ca (size before relaxing)
 .debug_str     0x00001886        0xe src/tc16.o
                                0x18b (size before relaxing)
 .debug_str     0x00001894        0xd src/tc8.o
                                0x188 (size before relaxing)
 .debug_str     0x000018a1       0x27 utils/custom_stuff.o
                                0x1ad (size before relaxing)

.debug_loc      0x00000000     0x1bad
 *(.debug_loc)
 .debug_loc     0x00000000      0x107 driver_isr.o
 .debug_loc     0x00000107     0x138c main.o
 .debug_loc     0x00001493      0x483 qtouch/touch.o
 .debug_loc     0x00001916      0x297 src/driver_init.o

.debug_macinfo
 *(.debug_macinfo)

.debug_weaknames
 *(.debug_weaknames)

.debug_funcnames
 *(.debug_funcnames)

.debug_typenames
 *(.debug_typenames)

.debug_varnames
 *(.debug_varnames)

.debug_pubtypes
 *(.debug_pubtypes)

.debug_ranges   0x00000000      0x1b0
 *(.debug_ranges)
 .debug_ranges  0x00000000       0x10 atmel_start.o
 .debug_ranges  0x00000010       0x18 driver_isr.o
 .debug_ranges  0x00000028       0x98 main.o
 .debug_ranges  0x000000c0       0xb0 qtouch/touch.o
 .debug_ranges  0x00000170       0x20 src/driver_init.o
 .debug_ranges  0x00000190       0x10 src/tc16.o
 .debug_ranges  0x000001a0       0x10 src/tc8.o

.debug_macro
 *(.debug_macro)
OUTPUT(BusinessCard_Rev_0.elf elf32-avr)
LOAD linker stubs
